
Discarded input sections

 .text          0x00000000        0x0 build/obj/crt0.o
 .data          0x00000000        0x0 build/obj/crt0.o
 .bss           0x00000000        0x0 build/obj/crt0.o
 .text.__early_init
                0x00000000       0x10 build/obj/crt0.o
 .text          0x00000000        0x0 build/obj/vectors.o
 .data          0x00000000        0x0 build/obj/vectors.o
 .bss           0x00000000        0x0 build/obj/vectors.o
 .text          0x00000000        0x0 build/obj/chcore.o
 .data          0x00000000        0x0 build/obj/chcore.o
 .bss           0x00000000        0x0 build/obj/chcore.o
 .text.port_halt
                0x00000000       0x10 build/obj/chcore.o
 .debug_info    0x00000000       0x92 build/obj/chcore.o
 .debug_abbrev  0x00000000       0x42 build/obj/chcore.o
 .debug_aranges
                0x00000000       0x20 build/obj/chcore.o
 .debug_ranges  0x00000000       0x10 build/obj/chcore.o
 .debug_line    0x00000000       0x53 build/obj/chcore.o
 .debug_str     0x00000000      0x1e8 build/obj/chcore.o
 .comment       0x00000000       0x71 build/obj/chcore.o
 .ARM.attributes
                0x00000000       0x33 build/obj/chcore.o
 .debug_frame   0x00000000       0x20 build/obj/chcore.o
 .text          0x00000000        0x0 build/obj/chcore_v7m.o
 .data          0x00000000        0x0 build/obj/chcore_v7m.o
 .bss           0x00000000        0x0 build/obj/chcore_v7m.o
 .text          0x00000000        0x0 build/obj/nvic.o
 .data          0x00000000        0x0 build/obj/nvic.o
 .bss           0x00000000        0x0 build/obj/nvic.o
 .text.nvicDisableVector
                0x00000000       0x50 build/obj/nvic.o
 .text          0x00000000        0x0 build/obj/chsys.o
 .data          0x00000000        0x0 build/obj/chsys.o
 .bss           0x00000000        0x0 build/obj/chsys.o
 .text          0x00000000        0x0 build/obj/chdebug.o
 .data          0x00000000        0x0 build/obj/chdebug.o
 .bss           0x00000000        0x0 build/obj/chdebug.o
 .debug_info    0x00000000       0x79 build/obj/chdebug.o
 .debug_abbrev  0x00000000       0x26 build/obj/chdebug.o
 .debug_aranges
                0x00000000       0x18 build/obj/chdebug.o
 .debug_line    0x00000000       0x1d build/obj/chdebug.o
 .debug_str     0x00000000      0x1d9 build/obj/chdebug.o
 .comment       0x00000000       0x71 build/obj/chdebug.o
 .ARM.attributes
                0x00000000       0x33 build/obj/chdebug.o
 .text          0x00000000        0x0 build/obj/chlists.o
 .data          0x00000000        0x0 build/obj/chlists.o
 .bss           0x00000000        0x0 build/obj/chlists.o
 .debug_info    0x00000000       0x79 build/obj/chlists.o
 .debug_abbrev  0x00000000       0x26 build/obj/chlists.o
 .debug_aranges
                0x00000000       0x18 build/obj/chlists.o
 .debug_line    0x00000000       0x1d build/obj/chlists.o
 .debug_str     0x00000000      0x1d9 build/obj/chlists.o
 .comment       0x00000000       0x71 build/obj/chlists.o
 .ARM.attributes
                0x00000000       0x33 build/obj/chlists.o
 .text          0x00000000        0x0 build/obj/chvt.o
 .data          0x00000000        0x0 build/obj/chvt.o
 .bss           0x00000000        0x0 build/obj/chvt.o
 .text          0x00000000        0x0 build/obj/chschd.o
 .data          0x00000000        0x0 build/obj/chschd.o
 .bss           0x00000000        0x0 build/obj/chschd.o
 .text.chSchRescheduleS
                0x00000000       0x20 build/obj/chschd.o
 .text          0x00000000        0x0 build/obj/chthreads.o
 .data          0x00000000        0x0 build/obj/chthreads.o
 .bss           0x00000000        0x0 build/obj/chthreads.o
 .text.chThdCreateI
                0x00000000       0x70 build/obj/chthreads.o
 .text.chThdSetPriority
                0x00000000       0x30 build/obj/chthreads.o
 .text.chThdResume
                0x00000000       0x20 build/obj/chthreads.o
 .text.chThdTerminate
                0x00000000       0x20 build/obj/chthreads.o
 .text.chThdSleepUntil
                0x00000000       0x30 build/obj/chthreads.o
 .text.chThdYield
                0x00000000       0x30 build/obj/chthreads.o
 .text.chThdWait
                0x00000000       0x40 build/obj/chthreads.o
 .text          0x00000000        0x0 build/obj/chdynamic.o
 .data          0x00000000        0x0 build/obj/chdynamic.o
 .bss           0x00000000        0x0 build/obj/chdynamic.o
 .text.chThdAddRef
                0x00000000       0x20 build/obj/chdynamic.o
 .text.chThdRelease
                0x00000000       0x50 build/obj/chdynamic.o
 .text.chThdCreateFromHeap
                0x00000000       0x40 build/obj/chdynamic.o
 .text.chThdCreateFromMemoryPool
                0x00000000       0x50 build/obj/chdynamic.o
 .debug_info    0x00000000      0x88c build/obj/chdynamic.o
 .debug_abbrev  0x00000000      0x22b build/obj/chdynamic.o
 .debug_loc     0x00000000      0x1b8 build/obj/chdynamic.o
 .debug_aranges
                0x00000000       0x38 build/obj/chdynamic.o
[...]
Memory Configuration

Name             Origin             Length             Attributes
flash            0x08000000         0x00100000
ram              0x20000000         0x0001c000
ethram           0x2001c000         0x00004000
ccmram           0x10000000         0x00010000
*default*        0x00000000         0xffffffff

Linker script and memory map

LOAD build/obj/crt0.o
LOAD build/obj/vectors.o
LOAD build/obj/chcore.o
LOAD build/obj/chcore_v7m.o
LOAD build/obj/nvic.o
LOAD build/obj/chsys.o
LOAD build/obj/chdebug.o
LOAD build/obj/chlists.o
LOAD build/obj/chvt.o
LOAD build/obj/chschd.o
LOAD build/obj/chthreads.o
LOAD build/obj/chdynamic.o
LOAD build/obj/chregistry.o
LOAD build/obj/chsem.o
LOAD build/obj/chmtx.o
LOAD build/obj/chcond.o
LOAD build/obj/chevents.o
LOAD build/obj/chmsg.o
LOAD build/obj/chmboxes.o
LOAD build/obj/chqueues.o
LOAD build/obj/chmemcore.o
LOAD build/obj/chheap.o
LOAD build/obj/chmempools.o
LOAD build/obj/test.o
LOAD build/obj/testthd.o
LOAD build/obj/testsem.o
LOAD build/obj/testmtx.o
LOAD build/obj/testmsg.o
LOAD build/obj/testmbox.o
LOAD build/obj/testevt.o
LOAD build/obj/testheap.o
LOAD build/obj/testpools.o
LOAD build/obj/testdyn.o
LOAD build/obj/testqueues.o
LOAD build/obj/testbmk.o
LOAD build/obj/hal.o
LOAD build/obj/adc.o
LOAD build/obj/can.o
LOAD build/obj/ext.o
LOAD build/obj/gpt.o
LOAD build/obj/i2c.o
LOAD build/obj/icu.o
LOAD build/obj/mac.o
LOAD build/obj/mmc_spi.o
LOAD build/obj/mmcsd.o
LOAD build/obj/pal.o
LOAD build/obj/pwm.o
LOAD build/obj/rtc.o
LOAD build/obj/sdc.o
LOAD build/obj/serial.o
LOAD build/obj/serial_usb.o
LOAD build/obj/spi.o
LOAD build/obj/tm.o
LOAD build/obj/uart.o
LOAD build/obj/usb.o
LOAD build/obj/stm32_dma.o
LOAD build/obj/hal_lld.o
LOAD build/obj/adc_lld.o
LOAD build/obj/ext_lld_isr.o
LOAD build/obj/can_lld.o
LOAD build/obj/ext_lld.o
LOAD build/obj/mac_lld.o
LOAD build/obj/sdc_lld.o
LOAD build/obj/pal_lld.o
LOAD build/obj/i2c_lld.o
LOAD build/obj/usb_lld.o
LOAD build/obj/rtc_lld.o
LOAD build/obj/spi_lld.o
LOAD build/obj/gpt_lld.o
LOAD build/obj/icu_lld.o
LOAD build/obj/pwm_lld.o
LOAD build/obj/serial_lld.o
LOAD build/obj/uart_lld.o
LOAD build/obj/board.o
LOAD build/obj/lis302dl.o
LOAD build/obj/chprintf.o
LOAD build/obj/main.o
                0x00000400                __main_stack_size__ = 0x400
                0x00000400                __process_stack_size__ = 0x400
                0x20000000                __ram_start__ = ORIGIN (ram)
                0x0001c000                __ram_size__ = 0x1c000
                0x2001c000                __ram_end__ = (__ram_start__ + __ram_size__)
                0x00000000                . = 0x0
                0x00000000                _text = .

startup         0x08000000      0x1ac
 *(vectors)
 vectors        0x08000000      0x1ac build/obj/vectors.o
                0x08000000                _vectors

constructors    0x080001ac        0x0
                0x080001ac                PROVIDE (__init_array_start, .)
 *(SORT(.init_array.*))
 *(.init_array)
                0x080001ac                PROVIDE (__init_array_end, .)

destructors     0x080001ac        0x0
                0x080001ac                PROVIDE (__fini_array_start, .)
 *(.fini_array)
 *(SORT(.fini_array.*))
                0x080001ac                PROVIDE (__fini_array_end, .)

.text           0x080001b0     0x19fc
 *(.text.startup.*)
 .text.startup.main
                0x080001b0       0x40 build/obj/main.o
                0x080001b0                main
 *(.text)
 *(.text.*)
 .text.__late_init
                0x080001f0       0x10 build/obj/crt0.o
                0x080001f0                __late_init
 .text._default_exit
                0x08000200       0x10 build/obj/crt0.o
                0x08000200                _default_exit
 .text.ResetHandler
                0x08000210      0x100 build/obj/crt0.o
                0x08000210                ResetHandler
 .text._unhandled_exception
                0x08000310       0x10 build/obj/vectors.o
                0x08000310                Vector58
                0x08000310                VectorE8
                0x08000310                Vector9C
                0x08000310                VectorAC
                0x08000310                Vector1A0
                0x08000310                Vector5C
                0x08000310                NMIVector
                0x08000310                Vector11C
                0x08000310                Vector19C
                0x08000310                Vector8C
                0x08000310                VectorDC
                0x08000310                Vector168
                0x08000310                Vector110
                0x08000310                VectorC8
                0x08000310                Vector94
                0x08000310                VectorA8
                0x08000310                VectorB4
                0x08000310                Vector160
                0x08000310                VectorEC
                0x08000310                UsageFaultVector
                0x08000310                DebugMonitorVector
                0x08000310                Vector40
                0x08000310                VectorF8
                0x08000310                Vector108
                0x08000310                VectorBC
                0x08000310                Vector190
                0x08000310                Vector148
                0x08000310                Vector188
                0x08000310                PendSVVector
                0x08000310                Vector198
                0x08000310                Vector118
                0x08000310                Vector64
                0x08000310                VectorCC
                0x08000310                Vector54
                0x08000310                Vector98
                0x08000310                Vector138
                0x08000310                Vector24
                0x08000310                Vector178
                0x08000310                Vector1A4
                0x08000310                BusFaultVector
                0x08000310                VectorD0
                0x08000310                Vector140
                0x08000310                VectorE4
                0x08000310                VectorC0
                0x08000310                HardFaultVector
                0x08000310                Vector134
                0x08000310                VectorF0
                0x08000310                Vector13C
                0x08000310                Vector100
                0x08000310                VectorE0
                0x08000310                VectorF4
                0x08000310                MemManageVector
                0x08000310                VectorA0
                0x08000310                VectorC4
                0x08000310                Vector180
                0x08000310                VectorB0
                0x08000310                Vector90
                0x08000310                Vector114
                0x08000310                Vector164
                0x08000310                Vector60
                0x08000310                Vector1C
                0x08000310                Vector17C
                0x08000310                Vector48
                0x08000310                Vector1A8
                0x08000310                Vector16C
                0x08000310                VectorD4
                0x08000310                Vector4C
                0x08000310                Vector144
                0x08000310                Vector15C
                0x08000310                Vector68
                0x08000310                _unhandled_exception
                0x08000310                Vector170
                0x08000310                Vector104
                0x08000310                Vector184
                0x08000310                Vector10C
                0x08000310                Vector14C
                0x08000310                Vector50
                0x08000310                Vector194
                0x08000310                Vector44
                0x08000310                Vector28
                0x08000310                Vector34
                0x08000310                VectorA4
                0x08000310                Vector20
                0x08000310                Vector18C
                0x08000310                Vector174
 .text._port_switch_from_isr
                0x08000320       0x10 build/obj/chcore_v7m.o
                0x08000320                _port_switch_from_isr
 .text.SVCallVector
                0x08000330       0x20 build/obj/chcore_v7m.o
                0x08000330                SVCallVector
 .text._port_init
                0x08000350       0x30 build/obj/chcore_v7m.o
                0x08000350                _port_init
 .text._port_irq_epilogue
                0x08000380       0x70 build/obj/chcore_v7m.o
                0x08000380                _port_irq_epilogue
 .text.SysTickVector
                0x080003f0       0x20 build/obj/chcore_v7m.o
                0x080003f0                SysTickVector
 .text._port_switch
                0x08000410       0x10 build/obj/chcore_v7m.o
                0x08000410                _port_switch
 .text._port_thread_start
                0x08000420       0x10 build/obj/chcore_v7m.o
                0x08000420                _port_thread_start
 .text.nvicEnableVector
                0x08000430       0x50 build/obj/nvic.o
                0x08000430                nvicEnableVector
 .text.nvicSetSystemHandlerPriority
                0x08000480       0x30 build/obj/nvic.o
                0x08000480                nvicSetSystemHandlerPriority
 .text._idle_thread
                0x080004b0       0x20 build/obj/chsys.o
                0x080004b0                _idle_thread
 .text.chSysInit
                0x080004d0       0x60 build/obj/chsys.o
                0x080004d0                chSysInit
 .text.chSysTimerHandlerI
                0x08000530       0x60 build/obj/chsys.o
                0x08000530                chSysTimerHandlerI
 .text._vt_init
                0x08000590       0x20 build/obj/chvt.o
                0x08000590                _vt_init
 .text.chVTSetI
                0x080005b0       0x40 build/obj/chvt.o
                0x080005b0                chVTSetI
 .text.chVTResetI
                0x080005f0       0x30 build/obj/chvt.o
                0x080005f0                chVTResetI
 .text.wakeup   0x08000620       0x70 build/obj/chschd.o
 .text._scheduler_init
                0x08000690       0x20 build/obj/chschd.o
                0x08000690                _scheduler_init
 .text.chSchReadyI
                0x080006b0       0x30 build/obj/chschd.o
                0x080006b0                chSchReadyI
 .text.chSchGoSleepS
                0x080006e0       0x30 build/obj/chschd.o
                0x080006e0                chSchGoSleepS
 .text.chSchGoSleepTimeoutS
                0x08000710       0x50 build/obj/chschd.o
                0x08000710                chSchGoSleepTimeoutS
 .text.chSchWakeupS
                0x08000760       0x60 build/obj/chschd.o
                0x08000760                chSchWakeupS
 .text.chSchDoRescheduleBehind
                0x080007c0       0x40 build/obj/chschd.o
                0x080007c0                chSchDoRescheduleBehind
 .text.chSchDoRescheduleAhead
                0x08000800       0x40 build/obj/chschd.o
                0x08000800                chSchDoRescheduleAhead
 .text.chSchDoReschedule
                0x08000840       0x20 build/obj/chschd.o
                0x08000840                chSchDoReschedule
 .text._thread_init
                0x08000860       0x50 build/obj/chthreads.o
                0x08000860                _thread_init
 .text.chThdCreateStatic
                0x080008b0       0x90 build/obj/chthreads.o
                0x080008b0                chThdCreateStatic
 .text.chThdSleep
                0x08000940       0x20 build/obj/chthreads.o
                0x08000940                chThdSleep
 .text.chThdExitS
                0x08000960       0x40 build/obj/chthreads.o
                0x08000960                chThdExitS
 .text.chThdExit
                0x080009a0       0x10 build/obj/chthreads.o
                0x080009a0                chThdExit
 .text.chMtxInit
                0x080009b0       0x10 build/obj/chmtx.o
                0x080009b0                chMtxInit
 .text.chEvtSignalI
                0x080009c0       0x30 build/obj/chevents.o
                0x080009c0                chEvtSignalI
 .text.chEvtBroadcastFlagsI
                0x080009f0       0x20 build/obj/chevents.o
                0x080009f0                chEvtBroadcastFlagsI
 .text.qwait    0x08000a10       0x30 build/obj/chqueues.o
 .text.chIQInit
                0x08000a40       0x20 build/obj/chqueues.o
                0x08000a40                chIQInit
 .text.chIQPutI
                0x08000a60       0x50 build/obj/chqueues.o
                0x08000a60                chIQPutI
 .text.chIQGetTimeout
                0x08000ab0       0x50 build/obj/chqueues.o
                0x08000ab0                chIQGetTimeout
 .text.chIQReadTimeout
                0x08000b00       0x80 build/obj/chqueues.o
                0x08000b00                chIQReadTimeout
 .text.chOQInit
                0x08000b80       0x20 build/obj/chqueues.o
                0x08000b80                chOQInit
 .text.chOQPutTimeout
                0x08000ba0       0x60 build/obj/chqueues.o
                0x08000ba0                chOQPutTimeout
 .text.chOQGetI
                0x08000c00       0x50 build/obj/chqueues.o
                0x08000c00                chOQGetI
 .text.chOQWriteTimeout
                0x08000c50       0x80 build/obj/chqueues.o
                0x08000c50                chOQWriteTimeout
 .text._core_init
                0x08000cd0       0x30 build/obj/chmemcore.o
                0x08000cd0                _core_init
 .text.chCoreAlloc
                0x08000d00       0x40 build/obj/chmemcore.o
                0x08000d00                chCoreAlloc
 .text._heap_init
                0x08000d40       0x20 build/obj/chheap.o
                0x08000d40                _heap_init
 .text.halInit  0x08000d60       0x30 build/obj/hal.o
                0x08000d60                halInit
 .text.adcInit  0x08000d90       0x10 build/obj/adc.o
                0x08000d90                adcInit
 .text.adcObjectInit
                0x08000da0       0x20 build/obj/adc.o
                0x08000da0                adcObjectInit
 .text.pwmInit  0x08000dc0       0x10 build/obj/pwm.o
                0x08000dc0                pwmInit
 .text.pwmObjectInit
                0x08000dd0       0x10 build/obj/pwm.o
                0x08000dd0                pwmObjectInit
 .text.readt    0x08000de0       0x10 build/obj/serial.o
 .text.read     0x08000df0       0x10 build/obj/serial.o
 .text.writet   0x08000e00       0x10 build/obj/serial.o
 .text.write    0x08000e10       0x10 build/obj/serial.o
 .text.gett     0x08000e20       0x10 build/obj/serial.o
 .text.get      0x08000e30       0x10 build/obj/serial.o
 .text.putt     0x08000e40       0x10 build/obj/serial.o
 .text.put      0x08000e50       0x10 build/obj/serial.o
 .text.sdInit   0x08000e60       0x10 build/obj/serial.o
                0x08000e60                sdInit
 .text.sdObjectInit
                0x08000e70       0x40 build/obj/serial.o
                0x08000e70                sdObjectInit
 .text.sdIncomingDataI
                0x08000eb0       0x40 build/obj/serial.o
                0x08000eb0                sdIncomingDataI
 .text.spiInit  0x08000ef0       0x10 build/obj/spi.o
                0x08000ef0                spiInit
 .text.spiObjectInit
                0x08000f00       0x10 build/obj/spi.o
                0x08000f00                spiObjectInit
 .text.Vector6C
                0x08000f10       0x30 build/obj/stm32_dma.o
                0x08000f10                Vector6C
 .text.Vector70
                0x08000f40       0x30 build/obj/stm32_dma.o
                0x08000f40                Vector70
 .text.Vector74
                0x08000f70       0x30 build/obj/stm32_dma.o
                0x08000f70                Vector74
 .text.Vector78
                0x08000fa0       0x30 build/obj/stm32_dma.o
                0x08000fa0                Vector78
 .text.Vector7C
                0x08000fd0       0x30 build/obj/stm32_dma.o
                0x08000fd0                Vector7C
 .text.Vector80
                0x08001000       0x30 build/obj/stm32_dma.o
                0x08001000                Vector80
 .text.Vector84
                0x08001030       0x30 build/obj/stm32_dma.o
                0x08001030                Vector84
 .text.VectorFC
                0x08001060       0x30 build/obj/stm32_dma.o
                0x08001060                VectorFC
 .text.Vector120
                0x08001090       0x30 build/obj/stm32_dma.o
                0x08001090                Vector120
 .text.Vector124
                0x080010c0       0x30 build/obj/stm32_dma.o
                0x080010c0                Vector124
 .text.Vector128
                0x080010f0       0x30 build/obj/stm32_dma.o
                0x080010f0                Vector128
 .text.Vector12C
                0x08001120       0x30 build/obj/stm32_dma.o
                0x08001120                Vector12C
 .text.Vector130
                0x08001150       0x30 build/obj/stm32_dma.o
                0x08001150                Vector130
 .text.Vector150
                0x08001180       0x30 build/obj/stm32_dma.o
                0x08001180                Vector150
 .text.Vector154
                0x080011b0       0x30 build/obj/stm32_dma.o
                0x080011b0                Vector154
 .text.Vector158
                0x080011e0       0x30 build/obj/stm32_dma.o
                0x080011e0                Vector158
 .text.dmaInit  0x08001210       0x50 build/obj/stm32_dma.o
                0x08001210                dmaInit
 .text.hal_lld_init
                0x08001260       0xa0 build/obj/hal_lld.o
                0x08001260                hal_lld_init
 .text.stm32_clock_init
                0x08001300       0xd0 build/obj/hal_lld.o
                0x08001300                stm32_clock_init
 .text.adc_lld_init
                0x080013d0       0x40 build/obj/adc_lld.o
                0x080013d0                adc_lld_init
 .text.adc_lld_stop_conversion
                0x08001410       0x40 build/obj/adc_lld.o
                0x08001410                adc_lld_stop_conversion
 .text.Vector88
                0x08001450       0x70 build/obj/adc_lld.o
                0x08001450                Vector88
 .text._pal_lld_init
                0x080014c0      0x1c0 build/obj/pal_lld.o
                0x080014c0                _pal_lld_init
 .text._pal_lld_setgroupmode
                0x08001680       0xd0 build/obj/pal_lld.o
                0x08001680                _pal_lld_setgroupmode
 .text.spi_lld_init
                0x08001750       0x50 build/obj/spi_lld.o
                0x08001750                spi_lld_init
 .text.VectorB8
                0x080017a0       0x70 build/obj/pwm_lld.o
                0x080017a0                VectorB8
 .text.pwm_lld_init
                0x08001810       0x20 build/obj/pwm_lld.o
                0x08001810                pwm_lld_init
 .text.notify2  0x08001830       0x20 build/obj/serial_lld.o
 .text.VectorD8
                0x08001850      0x110 build/obj/serial_lld.o
                0x08001850                VectorD8
 .text.sd_lld_init
                0x08001960       0x20 build/obj/serial_lld.o
                0x08001960                sd_lld_init
 .text.__early_init
                0x08001980       0x10 build/obj/board.o
                0x08001980                __early_init
 .text.boardInit
                0x08001990       0x10 build/obj/board.o
                0x08001990                boardInit
 *(.rodata)
 *(.rodata.*)
 .rodata.str1.4
                0x080019a0        0x8 build/obj/chsys.o
 *fill*         0x080019a8        0x8 
 .rodata.ch_debug
                0x080019b0       0x18 build/obj/chregistry.o
                0x080019b0                ch_debug
 *fill*         0x080019c8        0x8 
 .rodata.vmt    0x080019d0       0x20 build/obj/serial.o
 .rodata._stm32_dma_streams
                0x080019f0       0xc0 build/obj/stm32_dma.o
                0x080019f0                _stm32_dma_streams
 .rodata.pal_default_config
                0x08001ab0       0xfc build/obj/board.o
                0x08001ab0                pal_default_config
 *(.glue_7t)
 .glue_7t       0x00000000        0x0 linker stubs
 *(.glue_7)
 .glue_7        0x00000000        0x0 linker stubs
 *(.gcc*)

.vfp11_veneer   0x08001bac        0x0
 .vfp11_veneer  0x00000000        0x0 linker stubs

.v4_bx          0x08001bac        0x0
 .v4_bx         0x00000000        0x0 linker stubs

.iplt           0x08001bac        0x0
 .iplt          0x00000000        0x0 build/obj/crt0.o

.rel.dyn        0x08001bac        0x0
 .rel.iplt      0x00000000        0x0 build/obj/crt0.o

.ARM.extab
 *(.ARM.extab* .gnu.linkonce.armextab.*)

.ARM.exidx      0x08001bac        0x0
                0x08001bac                PROVIDE (__exidx_start, .)
 *(.ARM.exidx* .gnu.linkonce.armexidx.*)
                0x08001bac                PROVIDE (__exidx_end, .)

.eh_frame_hdr
 *(.eh_frame_hdr)

.eh_frame
 *(.eh_frame)

.textalign      0x08001bac        0x4
                0x08001bb0                . = ALIGN (0x8)
 *fill*         0x08001bac        0x4 
                0x08001bb0                . = ALIGN (0x4)
                0x08001bb0                _etext = .
                0x08001bb0                _textdata = _etext

.stacks         0x20000000      0x800
                0x20000000                . = ALIGN (0x8)
                0x20000000                __main_stack_base__ = .
                0x20000400                . = (. + __main_stack_size__)
 *fill*         0x20000000      0x400 
                0x20000400                . = ALIGN (0x8)
                0x20000400                __main_stack_end__ = .
                0x20000400                __process_stack_base__ = .
                0x20000400                __main_thread_stack_base__ = .
                0x20000800                . = (. + __process_stack_size__)
 *fill*         0x20000400      0x400 
                0x20000800                . = ALIGN (0x8)
                0x20000800                __process_stack_end__ = .
                0x20000800                __main_thread_stack_end__ = .

.data           0x20000800        0x0 load address 0x08001bb0
                0x20000800                . = ALIGN (0x4)
                0x20000800                PROVIDE (_data, .)
 *(.data)
                0x20000800                . = ALIGN (0x4)
 *(.data.*)
                0x20000800                . = ALIGN (0x4)
 *(.ramtext)
                0x20000800                . = ALIGN (0x4)
                0x20000800                PROVIDE (_edata, .)

.igot.plt       0x20000800        0x0 load address 0x08001bb0
 .igot.plt      0x00000000        0x0 build/obj/crt0.o

.bss            0x20000800      0x2f8 load address 0x08001bb0
                0x20000800                . = ALIGN (0x4)
                0x20000800                PROVIDE (_bss_start, .)
 *(.bss)
                0x20000800                . = ALIGN (0x4)
 *(.bss.*)
 .bss.mainthread.4797
                0x20000800       0x48 build/obj/chsys.o
 .bss._idle_thread_wa
                0x20000848       0xe0 build/obj/chsys.o
                0x20000848                _idle_thread_wa
 .bss.vtlist    0x20000928       0x10 build/obj/chvt.o
                0x20000928                vtlist
 .bss.rlist     0x20000938       0x1c build/obj/chschd.o
                0x20000938                rlist
 .bss.endmem    0x20000954        0x4 build/obj/chmemcore.o
 .bss.nextmem   0x20000958        0x4 build/obj/chmemcore.o
 *fill*         0x2000095c        0x4 
 .bss.default_heap
                0x20000960       0x20 build/obj/chheap.o
 .bss.dma_isr_redir
                0x20000980       0x80 build/obj/stm32_dma.o
 .bss.dma_streams_mask
                0x20000a00        0x4 build/obj/stm32_dma.o
 .bss.ADCD1     0x20000a04       0x34 build/obj/adc_lld.o
                0x20000a04                ADCD1
 .bss.dummytx   0x20000a38        0x2 build/obj/spi_lld.o
 *fill*         0x20000a3a        0x2 
 .bss.SPID2     0x20000a3c       0x30 build/obj/spi_lld.o
                0x20000a3c                SPID2
 .bss.PWMD4     0x20000a6c       0x14 build/obj/pwm_lld.o
                0x20000a6c                PWMD4
 .bss.SD2       0x20000a80       0x78 build/obj/serial_lld.o
                0x20000a80                SD2
                0x20000af8                . = ALIGN (0x4)
 *(COMMON)
                0x20000af8                . = ALIGN (0x4)
                0x20000af8                PROVIDE (_bss_end, .)
                0x20000af8                PROVIDE (end, .)
                0x20000af8                _end = .
                0x20000af8                __heap_base__ = _end
                0x2001c000                __heap_end__ = __ram_end__
START GROUP
LOAD /opt/ARM/bin/../lib/gcc/arm-none-eabi/4.8.4/armv7e-m/libgcc.a
LOAD /opt/ARM/bin/../lib/gcc/arm-none-eabi/4.8.4/../../../../arm-none-eabi/lib/armv7e-m/libg.a
LOAD /opt/ARM/bin/../lib/gcc/arm-none-eabi/4.8.4/../../../../arm-none-eabi/lib/armv7e-m/libc.a
END GROUP
OUTPUT(build/ch.elf elf32-littlearm)

.debug_info     0x00000000     0xeb3e
 .debug_info    0x00000000      0x2b7 build/obj/crt0.o
 .debug_info    0x000002b7      0x1cd build/obj/vectors.o
 .debug_info    0x00000484      0x7f2 build/obj/chcore_v7m.o
 .debug_info    0x00000c76      0x406 build/obj/nvic.o
 .debug_info    0x0000107c      0x827 build/obj/chsys.o
 .debug_info    0x000018a3      0x203 build/obj/chvt.o
 .debug_info    0x00001aa6      0x974 build/obj/chschd.o
 .debug_info    0x0000241a      0xbf2 build/obj/chthreads.o
 .debug_info    0x0000300c      0x629 build/obj/chregistry.o
 .debug_info    0x00003635      0x9d4 build/obj/chmtx.o
 .debug_info    0x00004009      0xd95 build/obj/chevents.o
 .debug_info    0x00004d9e      0xbc3 build/obj/chqueues.o
 .debug_info    0x00005961      0x221 build/obj/chmemcore.o
 .debug_info    0x00005b82      0x6fa build/obj/chheap.o
 .debug_info    0x0000627c      0x3c1 build/obj/hal.o
 .debug_info    0x0000663d      0xe01 build/obj/adc.o
 .debug_info    0x0000743e      0x685 build/obj/pwm.o
 .debug_info    0x00007ac3      0xfbe build/obj/serial.o
 .debug_info    0x00008a81     0x10cb build/obj/spi.o
 .debug_info    0x00009b4c      0xa7f build/obj/stm32_dma.o
 .debug_info    0x0000a5cb      0x491 build/obj/hal_lld.o
 .debug_info    0x0000aa5c     0x10ad build/obj/adc_lld.o
 .debug_info    0x0000bb09      0x704 build/obj/pal_lld.o
 .debug_info    0x0000c20d      0xdd4 build/obj/spi_lld.o
 .debug_info    0x0000cfe1      0x7c5 build/obj/pwm_lld.o
 .debug_info    0x0000d7a6      0xf22 build/obj/serial_lld.o
 .debug_info    0x0000e6c8      0x1f4 build/obj/board.o
 .debug_info    0x0000e8bc      0x282 build/obj/main.o

.debug_abbrev   0x00000000     0x39b4
 .debug_abbrev  0x00000000       0xfd build/obj/crt0.o
 .debug_abbrev  0x000000fd       0xaf build/obj/vectors.o
 .debug_abbrev  0x000001ac      0x1b9 build/obj/chcore_v7m.o
 .debug_abbrev  0x00000365      0x10e build/obj/nvic.o
 .debug_abbrev  0x00000473      0x20e build/obj/chsys.o
 .debug_abbrev  0x00000681      0x117 build/obj/chvt.o
 .debug_abbrev  0x00000798      0x313 build/obj/chschd.o
 .debug_abbrev  0x00000aab      0x34f build/obj/chthreads.o
 .debug_abbrev  0x00000dfa      0x187 build/obj/chregistry.o
 .debug_abbrev  0x00000f81      0x2fa build/obj/chmtx.o
 .debug_abbrev  0x0000127b      0x2ef build/obj/chevents.o
 .debug_abbrev  0x0000156a      0x32e build/obj/chqueues.o
 .debug_abbrev  0x00001898      0x164 build/obj/chmemcore.o
 .debug_abbrev  0x000019fc      0x1e7 build/obj/chheap.o
 .debug_abbrev  0x00001be3      0x1c8 build/obj/hal.o
 .debug_abbrev  0x00001dab      0x304 build/obj/adc.o
 .debug_abbrev  0x000020af      0x19c build/obj/pwm.o
 .debug_abbrev  0x0000224b      0x2b9 build/obj/serial.o
 .debug_abbrev  0x00002504      0x276 build/obj/spi.o
 .debug_abbrev  0x0000277a      0x21f build/obj/stm32_dma.o
 .debug_abbrev  0x00002999      0x12b build/obj/hal_lld.o
 .debug_abbrev  0x00002ac4      0x2fe build/obj/adc_lld.o
 .debug_abbrev  0x00002dc2      0x1aa build/obj/pal_lld.o
 .debug_abbrev  0x00002f6c      0x304 build/obj/spi_lld.o
 .debug_abbrev  0x00003270      0x22f build/obj/pwm_lld.o
 .debug_abbrev  0x0000349f      0x30e build/obj/serial_lld.o
 .debug_abbrev  0x000037ad       0xe3 build/obj/board.o
 .debug_abbrev  0x00003890      0x124 build/obj/main.o

.debug_loc      0x00000000     0x3b26
 .debug_loc     0x00000000       0xde build/obj/crt0.o
 .debug_loc     0x000000de       0x5a build/obj/chcore_v7m.o
 .debug_loc     0x00000138      0x159 build/obj/nvic.o
 .debug_loc     0x00000291       0x31 build/obj/chsys.o
 .debug_loc     0x000002c2       0x67 build/obj/chvt.o
 .debug_loc     0x00000329      0x2d2 build/obj/chschd.o
 .debug_loc     0x000005fb      0x419 build/obj/chthreads.o
 .debug_loc     0x00000a14       0x3f build/obj/chregistry.o
 .debug_loc     0x00000a53      0x407 build/obj/chmtx.o
 .debug_loc     0x00000e5a      0x57b build/obj/chevents.o
 .debug_loc     0x000013d5      0x6bb build/obj/chqueues.o
 .debug_loc     0x00001a90       0xcc build/obj/chmemcore.o
 .debug_loc     0x00001b5c      0x3ae build/obj/chheap.o
 .debug_loc     0x00001f0a       0x9d build/obj/hal.o
 .debug_loc     0x00001fa7      0x3e6 build/obj/adc.o
 .debug_loc     0x0000238d      0x102 build/obj/pwm.o
 .debug_loc     0x0000248f      0x4e4 build/obj/serial.o
 .debug_loc     0x00002973      0x468 build/obj/spi.o
 .debug_loc     0x00002ddb      0x279 build/obj/stm32_dma.o
 .debug_loc     0x00003054      0x2a2 build/obj/adc_lld.o
 .debug_loc     0x000032f6      0x1b2 build/obj/pal_lld.o
 .debug_loc     0x000034a8      0x26a build/obj/spi_lld.o
 .debug_loc     0x00003712      0x206 build/obj/pwm_lld.o
 .debug_loc     0x00003918      0x20e build/obj/serial_lld.o

.debug_aranges  0x00000000      0x8e8
 .debug_aranges
                0x00000000       0x38 build/obj/crt0.o
 .debug_aranges
                0x00000038       0x20 build/obj/vectors.o
 .debug_aranges
                0x00000058       0x50 build/obj/chcore_v7m.o
 .debug_aranges
                0x000000a8       0x30 build/obj/nvic.o
 .debug_aranges
                0x000000d8       0x30 build/obj/chsys.o
 .debug_aranges
                0x00000108       0x30 build/obj/chvt.o
 .debug_aranges
                0x00000138       0x68 build/obj/chschd.o
 .debug_aranges
                0x000001a0       0x78 build/obj/chthreads.o
 .debug_aranges
                0x00000218       0x28 build/obj/chregistry.o
 .debug_aranges
                0x00000240       0x58 build/obj/chmtx.o
 .debug_aranges
                0x00000298       0xa0 build/obj/chevents.o
 .debug_aranges
                0x00000338       0x70 build/obj/chqueues.o
 .debug_aranges
                0x000003a8       0x38 build/obj/chmemcore.o
 .debug_aranges
                0x000003e0       0x40 build/obj/chheap.o
 .debug_aranges
                0x00000420       0x30 build/obj/hal.o
 .debug_aranges
                0x00000450       0x70 build/obj/adc.o
 .debug_aranges
                0x000004c0       0x50 build/obj/pwm.o
 .debug_aranges
                0x00000510       0x88 build/obj/serial.o
 .debug_aranges
                0x00000598       0x98 build/obj/spi.o
 .debug_aranges
                0x00000630       0xb0 build/obj/stm32_dma.o
 .debug_aranges
                0x000006e0       0x28 build/obj/hal_lld.o
 .debug_aranges
                0x00000708       0x70 build/obj/adc_lld.o
 .debug_aranges
                0x00000778       0x28 build/obj/pal_lld.o
 .debug_aranges
                0x000007a0       0x78 build/obj/spi_lld.o
 .debug_aranges
                0x00000818       0x48 build/obj/pwm_lld.o
 .debug_aranges
                0x00000860       0x40 build/obj/serial_lld.o
 .debug_aranges
                0x000008a0       0x28 build/obj/board.o
 .debug_aranges
                0x000008c8       0x20 build/obj/main.o

.debug_ranges   0x00000000      0xe20
 .debug_ranges  0x00000000       0x58 build/obj/crt0.o
 .debug_ranges  0x00000058       0x10 build/obj/vectors.o
 .debug_ranges  0x00000068       0x58 build/obj/chcore_v7m.o
 .debug_ranges  0x000000c0       0x20 build/obj/nvic.o
 .debug_ranges  0x000000e0       0x38 build/obj/chsys.o
 .debug_ranges  0x00000118       0x20 build/obj/chvt.o
 .debug_ranges  0x00000138      0x160 build/obj/chschd.o
 .debug_ranges  0x00000298      0x120 build/obj/chthreads.o
 .debug_ranges  0x000003b8       0x18 build/obj/chregistry.o
 .debug_ranges  0x000003d0      0x168 build/obj/chmtx.o
 .debug_ranges  0x00000538       0xc0 build/obj/chevents.o
 .debug_ranges  0x000005f8       0xd0 build/obj/chqueues.o
 .debug_ranges  0x000006c8       0x28 build/obj/chmemcore.o
 .debug_ranges  0x000006f0       0x30 build/obj/chheap.o
 .debug_ranges  0x00000720       0x38 build/obj/hal.o
 .debug_ranges  0x00000758       0xf0 build/obj/adc.o
 .debug_ranges  0x00000848       0x70 build/obj/pwm.o
 .debug_ranges  0x000008b8       0xa8 build/obj/serial.o
 .debug_ranges  0x00000960      0x100 build/obj/spi.o
 .debug_ranges  0x00000a60       0xa0 build/obj/stm32_dma.o
 .debug_ranges  0x00000b00       0x30 build/obj/hal_lld.o
 .debug_ranges  0x00000b30       0x60 build/obj/adc_lld.o
 .debug_ranges  0x00000b90      0x108 build/obj/pal_lld.o
 .debug_ranges  0x00000c98       0x68 build/obj/spi_lld.o
 .debug_ranges  0x00000d00       0x50 build/obj/pwm_lld.o
 .debug_ranges  0x00000d50       0xa8 build/obj/serial_lld.o
 .debug_ranges  0x00000df8       0x18 build/obj/board.o
 .debug_ranges  0x00000e10       0x10 build/obj/main.o

.debug_line     0x00000000     0x439c
 .debug_line    0x00000000      0x11f build/obj/crt0.o
 .debug_line    0x0000011f       0xc4 build/obj/vectors.o
 .debug_line    0x000001e3      0x1f4 build/obj/chcore_v7m.o
 .debug_line    0x000003d7      0x100 build/obj/nvic.o
 .debug_line    0x000004d7      0x1e0 build/obj/chsys.o
 .debug_line    0x000006b7      0x139 build/obj/chvt.o
 .debug_line    0x000007f0      0x34b build/obj/chschd.o
 .debug_line    0x00000b3b      0x387 build/obj/chthreads.o
 .debug_line    0x00000ec2      0x1af build/obj/chregistry.o
 .debug_line    0x00001071      0x316 build/obj/chmtx.o
 .debug_line    0x00001387      0x30c build/obj/chevents.o
 .debug_line    0x00001693      0x379 build/obj/chqueues.o
 .debug_line    0x00001a0c      0x13d build/obj/chmemcore.o
 .debug_line    0x00001b49      0x253 build/obj/chheap.o
 .debug_line    0x00001d9c      0x256 build/obj/hal.o
 .debug_line    0x00001ff2      0x328 build/obj/adc.o
 .debug_line    0x0000231a      0x1bf build/obj/pwm.o
 .debug_line    0x000024d9      0x348 build/obj/serial.o
 .debug_line    0x00002821      0x38f build/obj/spi.o
 .debug_line    0x00002bb0      0x3b0 build/obj/stm32_dma.o
 .debug_line    0x00002f60      0x1c8 build/obj/hal_lld.o
 .debug_line    0x00003128      0x3d9 build/obj/adc_lld.o
 .debug_line    0x00003501      0x1d7 build/obj/pal_lld.o
 .debug_line    0x000036d8      0x407 build/obj/spi_lld.o
 .debug_line    0x00003adf      0x2a3 build/obj/pwm_lld.o
 .debug_line    0x00003d82      0x31b build/obj/serial_lld.o
 .debug_line    0x0000409d      0x168 build/obj/board.o
 .debug_line    0x00004205      0x197 build/obj/main.o

.debug_str      0x00000000     0x2526
 .debug_str     0x00000000      0x2ba build/obj/crt0.o
                                0x2ff (size before relaxing)
 .debug_str     0x000002ba      0x145 build/obj/vectors.o
                                0x320 (size before relaxing)
 .debug_str     0x000003ff      0x2ec build/obj/chcore_v7m.o
                                0x4dc (size before relaxing)
 .debug_str     0x000006eb       0x9e build/obj/nvic.o
                                0x2f2 (size before relaxing)
 .debug_str     0x00000789      0x209 build/obj/chsys.o
                                0x5ca (size before relaxing)
 .debug_str     0x00000992       0x36 build/obj/chvt.o
                                0x273 (size before relaxing)
 .debug_str     0x000009c8       0xd5 build/obj/chschd.o
                                0x4e9 (size before relaxing)
 .debug_str     0x00000a9d       0xd3 build/obj/chthreads.o
                                0x554 (size before relaxing)
 .debug_str     0x00000b70       0x42 build/obj/chregistry.o
                                0x4e2 (size before relaxing)
 .debug_str     0x00000bb2       0x91 build/obj/chmtx.o
                                0x46e (size before relaxing)
 .debug_str     0x00000c43      0x1b9 build/obj/chevents.o
                                0x592 (size before relaxing)
 .debug_str     0x00000dfc      0x126 build/obj/chqueues.o
                                0x4f9 (size before relaxing)
 .debug_str     0x00000f22       0x70 build/obj/chmemcore.o
                                0x268 (size before relaxing)
 .debug_str     0x00000f92       0xb3 build/obj/chheap.o
                                0x45d (size before relaxing)
 .debug_str     0x00001045      0x17e build/obj/hal.o
                                0x374 (size before relaxing)
 .debug_str     0x000011c3      0x2f9 build/obj/adc.o
                                0x723 (size before relaxing)
 .debug_str     0x000014bc      0x1ad build/obj/pwm.o
                                0x3ec (size before relaxing)
 .debug_str     0x00001669      0x16f build/obj/serial.o
                                0x671 (size before relaxing)
 .debug_str     0x000017d8      0x27b build/obj/spi.o
                                0x72a (size before relaxing)
 .debug_str     0x00001a53      0x740 build/obj/stm32_dma.o
                                0xa3e (size before relaxing)
 .debug_str     0x00002193       0xbe build/obj/hal_lld.o
                                0x41c (size before relaxing)
 .debug_str     0x00002251       0xce build/obj/adc_lld.o
                                0xd59 (size before relaxing)
 .debug_str     0x0000231f       0x77 build/obj/pal_lld.o
                                0x47a (size before relaxing)
 .debug_str     0x00002396       0xa1 build/obj/spi_lld.o
                                0x7ca (size before relaxing)
 .debug_str     0x00002437       0x59 build/obj/pwm_lld.o
                                0x527 (size before relaxing)
 .debug_str     0x00002490       0x65 build/obj/serial_lld.o
                                0x717 (size before relaxing)
 .debug_str     0x000024f5       0x2a build/obj/board.o
                                0x2d4 (size before relaxing)
 .debug_str     0x0000251f        0x7 build/obj/main.o
                                0x2ae (size before relaxing)

.comment        0x00000000       0x70
 .comment       0x00000000       0x70 build/obj/crt0.o
                                 0x71 (size before relaxing)
 .comment       0x00000000       0x71 build/obj/vectors.o
 .comment       0x00000000       0x71 build/obj/chcore_v7m.o
 .comment       0x00000000       0x71 build/obj/nvic.o
 .comment       0x00000000       0x71 build/obj/chsys.o
 .comment       0x00000000       0x71 build/obj/chvt.o
 .comment       0x00000000       0x71 build/obj/chschd.o
 .comment       0x00000000       0x71 build/obj/chthreads.o
 .comment       0x00000000       0x71 build/obj/chregistry.o
 .comment       0x00000000       0x71 build/obj/chmtx.o
 .comment       0x00000000       0x71 build/obj/chevents.o
 .comment       0x00000000       0x71 build/obj/chqueues.o
 .comment       0x00000000       0x71 build/obj/chmemcore.o
 .comment       0x00000000       0x71 build/obj/chheap.o
 .comment       0x00000000       0x71 build/obj/hal.o
 .comment       0x00000000       0x71 build/obj/adc.o
 .comment       0x00000000       0x71 build/obj/pwm.o
 .comment       0x00000000       0x71 build/obj/serial.o
 .comment       0x00000000       0x71 build/obj/spi.o
 .comment       0x00000000       0x71 build/obj/stm32_dma.o
 .comment       0x00000000       0x71 build/obj/hal_lld.o
 .comment       0x00000000       0x71 build/obj/adc_lld.o
 .comment       0x00000000       0x71 build/obj/pal_lld.o
 .comment       0x00000000       0x71 build/obj/spi_lld.o
 .comment       0x00000000       0x71 build/obj/pwm_lld.o
 .comment       0x00000000       0x71 build/obj/serial_lld.o
 .comment       0x00000000       0x71 build/obj/board.o
 .comment       0x00000000       0x71 build/obj/main.o

.ARM.attributes
                0x00000000       0x33
 .ARM.attributes
                0x00000000       0x33 build/obj/crt0.o
 .ARM.attributes
                0x00000033       0x33 build/obj/vectors.o
 .ARM.attributes
                0x00000066       0x33 build/obj/chcore_v7m.o
 .ARM.attributes
                0x00000099       0x33 build/obj/nvic.o
 .ARM.attributes
                0x000000cc       0x33 build/obj/chsys.o
 .ARM.attributes
                0x000000ff       0x33 build/obj/chvt.o
 .ARM.attributes
                0x00000132       0x33 build/obj/chschd.o
 .ARM.attributes
                0x00000165       0x33 build/obj/chthreads.o
 .ARM.attributes
                0x00000198       0x33 build/obj/chregistry.o
 .ARM.attributes
                0x000001cb       0x33 build/obj/chmtx.o
 .ARM.attributes
                0x000001fe       0x33 build/obj/chevents.o
 .ARM.attributes
                0x00000231       0x33 build/obj/chqueues.o
 .ARM.attributes
                0x00000264       0x33 build/obj/chmemcore.o
 .ARM.attributes
                0x00000297       0x33 build/obj/chheap.o
 .ARM.attributes
                0x000002ca       0x33 build/obj/hal.o
 .ARM.attributes
                0x000002fd       0x33 build/obj/adc.o
 .ARM.attributes
                0x00000330       0x33 build/obj/pwm.o
 .ARM.attributes
                0x00000363       0x33 build/obj/serial.o
 .ARM.attributes
                0x00000396       0x33 build/obj/spi.o
 .ARM.attributes
                0x000003c9       0x33 build/obj/stm32_dma.o
 .ARM.attributes
                0x000003fc       0x33 build/obj/hal_lld.o
 .ARM.attributes
                0x0000042f       0x33 build/obj/adc_lld.o
 .ARM.attributes
                0x00000462       0x33 build/obj/pal_lld.o
 .ARM.attributes
                0x00000495       0x33 build/obj/spi_lld.o
 .ARM.attributes
                0x000004c8       0x33 build/obj/pwm_lld.o
 .ARM.attributes
                0x000004fb       0x33 build/obj/serial_lld.o
 .ARM.attributes
                0x0000052e       0x33 build/obj/board.o
 .ARM.attributes
                0x00000561       0x33 build/obj/main.o

.debug_frame    0x00000000     0x15c8
 .debug_frame   0x00000000       0x50 build/obj/crt0.o
 .debug_frame   0x00000050       0x20 build/obj/vectors.o
 .debug_frame   0x00000070       0x98 build/obj/chcore_v7m.o
 .debug_frame   0x00000108       0x64 build/obj/nvic.o
 .debug_frame   0x0000016c       0x5c build/obj/chsys.o
 .debug_frame   0x000001c8       0x4c build/obj/chvt.o
 .debug_frame   0x00000214      0x108 build/obj/chschd.o
 .debug_frame   0x0000031c      0x184 build/obj/chthreads.o
 .debug_frame   0x000004a0       0x3c build/obj/chregistry.o
 .debug_frame   0x000004dc       0xdc build/obj/chmtx.o
 .debug_frame   0x000005b8      0x1d8 build/obj/chevents.o
 .debug_frame   0x00000790      0x180 build/obj/chqueues.o
 .debug_frame   0x00000910       0x50 build/obj/chmemcore.o
 .debug_frame   0x00000960       0x98 build/obj/chheap.o
 .debug_frame   0x000009f8       0x4c build/obj/hal.o
 .debug_frame   0x00000a44      0x11c build/obj/adc.o
 .debug_frame   0x00000b60       0xb0 build/obj/pwm.o
 .debug_frame   0x00000c10      0x13c build/obj/serial.o
 .debug_frame   0x00000d4c      0x1a8 build/obj/spi.o
 .debug_frame   0x00000ef4      0x230 build/obj/stm32_dma.o
 .debug_frame   0x00001124       0x44 build/obj/hal_lld.o
 .debug_frame   0x00001168      0x120 build/obj/adc_lld.o
 .debug_frame   0x00001288       0x68 build/obj/pal_lld.o
 .debug_frame   0x000012f0      0x138 build/obj/spi_lld.o
 .debug_frame   0x00001428       0xb0 build/obj/pwm_lld.o
 .debug_frame   0x000014d8       0x94 build/obj/serial_lld.o
 .debug_frame   0x0000156c       0x30 build/obj/board.o
 .debug_frame   0x0000159c       0x2c build/obj/main.o

Cross Reference Table

Symbol                                            File
ADCD1                                             build/obj/adc_lld.o
BusFaultVector                                    build/obj/vectors.o
DebugMonitorVector                                build/obj/vectors.o
HardFaultVector                                   build/obj/vectors.o
MemManageVector                                   build/obj/vectors.o
NMIVector                                         build/obj/vectors.o
PWMD4                                             build/obj/pwm_lld.o
PendSVVector                                      build/obj/vectors.o
ResetHandler                                      build/obj/crt0.o
                                                  build/obj/vectors.o
SD2                                               build/obj/serial_lld.o
SPID2                                             build/obj/spi_lld.o
SVCallVector                                      build/obj/chcore_v7m.o
                                                  build/obj/vectors.o
SysTickVector                                     build/obj/chcore_v7m.o
                                                  build/obj/vectors.o
TestThread                                        build/obj/test.o
UsageFaultVector                                  build/obj/vectors.o
Vector100                                         build/obj/vectors.o
Vector104                                         build/obj/vectors.o
Vector108                                         build/obj/vectors.o
Vector10C                                         build/obj/vectors.o
Vector110                                         build/obj/vectors.o
Vector114                                         build/obj/vectors.o
Vector118                                         build/obj/vectors.o
Vector11C                                         build/obj/vectors.o
Vector120                                         build/obj/stm32_dma.o
                                                  build/obj/vectors.o
Vector124                                         build/obj/stm32_dma.o
                                                  build/obj/vectors.o
Vector128                                         build/obj/stm32_dma.o
                                                  build/obj/vectors.o
Vector12C                                         build/obj/stm32_dma.o
                                                  build/obj/vectors.o
Vector130                                         build/obj/stm32_dma.o
                                                  build/obj/vectors.o
Vector134                                         build/obj/vectors.o
Vector138                                         build/obj/vectors.o
Vector13C                                         build/obj/vectors.o
Vector140                                         build/obj/vectors.o
Vector144                                         build/obj/vectors.o
Vector148                                         build/obj/vectors.o
Vector14C                                         build/obj/vectors.o
Vector150                                         build/obj/stm32_dma.o
                                                  build/obj/vectors.o
Vector154                                         build/obj/stm32_dma.o
                                                  build/obj/vectors.o
Vector158                                         build/obj/stm32_dma.o
                                                  build/obj/vectors.o
Vector15C                                         build/obj/vectors.o
Vector160                                         build/obj/vectors.o
Vector164                                         build/obj/vectors.o
Vector168                                         build/obj/vectors.o
Vector16C                                         build/obj/vectors.o
Vector170                                         build/obj/vectors.o
Vector174                                         build/obj/vectors.o
Vector178                                         build/obj/vectors.o
Vector17C                                         build/obj/vectors.o
Vector180                                         build/obj/vectors.o
Vector184                                         build/obj/vectors.o
Vector188                                         build/obj/vectors.o
Vector18C                                         build/obj/vectors.o
Vector190                                         build/obj/vectors.o
Vector194                                         build/obj/vectors.o
Vector198                                         build/obj/vectors.o
Vector19C                                         build/obj/vectors.o
Vector1A0                                         build/obj/vectors.o
Vector1A4                                         build/obj/vectors.o
Vector1A8                                         build/obj/vectors.o
Vector1C                                          build/obj/vectors.o
Vector20                                          build/obj/vectors.o
Vector24                                          build/obj/vectors.o
Vector28                                          build/obj/vectors.o
Vector34                                          build/obj/vectors.o
Vector40                                          build/obj/vectors.o
Vector44                                          build/obj/vectors.o
Vector48                                          build/obj/vectors.o
Vector4C                                          build/obj/vectors.o
Vector50                                          build/obj/vectors.o
Vector54                                          build/obj/vectors.o
Vector58                                          build/obj/vectors.o
Vector5C                                          build/obj/vectors.o
Vector60                                          build/obj/vectors.o
Vector64                                          build/obj/vectors.o
Vector68                                          build/obj/vectors.o
Vector6C                                          build/obj/stm32_dma.o
                                                  build/obj/vectors.o
Vector70                                          build/obj/stm32_dma.o
                                                  build/obj/vectors.o
Vector74                                          build/obj/stm32_dma.o
                                                  build/obj/vectors.o
Vector78                                          build/obj/stm32_dma.o
                                                  build/obj/vectors.o
Vector7C                                          build/obj/stm32_dma.o
                                                  build/obj/vectors.o
Vector80                                          build/obj/stm32_dma.o
                                                  build/obj/vectors.o
Vector84                                          build/obj/stm32_dma.o
                                                  build/obj/vectors.o
Vector88                                          build/obj/adc_lld.o
                                                  build/obj/vectors.o
Vector8C                                          build/obj/vectors.o
Vector90                                          build/obj/vectors.o
Vector94                                          build/obj/vectors.o
Vector98                                          build/obj/vectors.o
Vector9C                                          build/obj/vectors.o
VectorA0                                          build/obj/vectors.o
VectorA4                                          build/obj/vectors.o
VectorA8                                          build/obj/vectors.o
VectorAC                                          build/obj/vectors.o
VectorB0                                          build/obj/vectors.o
VectorB4                                          build/obj/vectors.o
VectorB8                                          build/obj/pwm_lld.o
                                                  build/obj/vectors.o
VectorBC                                          build/obj/vectors.o
VectorC0                                          build/obj/vectors.o
VectorC4                                          build/obj/vectors.o
VectorC8                                          build/obj/vectors.o
VectorCC                                          build/obj/vectors.o
VectorD0                                          build/obj/vectors.o
VectorD4                                          build/obj/vectors.o
VectorD8                                          build/obj/serial_lld.o
                                                  build/obj/vectors.o
VectorDC                                          build/obj/vectors.o
VectorE0                                          build/obj/vectors.o
VectorE4                                          build/obj/vectors.o
VectorE8                                          build/obj/vectors.o
VectorEC                                          build/obj/vectors.o
VectorF0                                          build/obj/vectors.o
VectorF4                                          build/obj/vectors.o
VectorF8                                          build/obj/vectors.o
VectorFC                                          build/obj/stm32_dma.o
                                                  build/obj/vectors.o
__early_init                                      build/obj/board.o
                                                  build/obj/crt0.o
__fini_array_end                                  build/obj/crt0.o
__fini_array_start                                build/obj/crt0.o
__heap_base__                                     build/obj/chmemcore.o
__heap_end__                                      build/obj/chmemcore.o
__init_array_end                                  build/obj/crt0.o
__init_array_start                                build/obj/crt0.o
__late_init                                       build/obj/crt0.o
__main_stack_base__                               build/obj/crt0.o
__main_stack_end__                                build/obj/vectors.o
                                                  build/obj/crt0.o
__process_stack_base__                            build/obj/crt0.o
__process_stack_end__                             build/obj/crt0.o
_bss_end                                          build/obj/crt0.o
_bss_start                                        build/obj/crt0.o
_core_init                                        build/obj/chmemcore.o
                                                  build/obj/chsys.o
_data                                             build/obj/crt0.o
_default_exit                                     build/obj/crt0.o
_edata                                            build/obj/crt0.o
_heap_init                                        build/obj/chheap.o
                                                  build/obj/chsys.o
_idle_thread                                      build/obj/chsys.o
_idle_thread_wa                                   build/obj/chsys.o
_pal_lld_init                                     build/obj/pal_lld.o
                                                  build/obj/hal.o
_pal_lld_setgroupmode                             build/obj/pal_lld.o
                                                  build/obj/main.o
                                                  build/obj/pal.o
_port_init                                        build/obj/chcore_v7m.o
                                                  build/obj/chsys.o
_port_irq_epilogue                                build/obj/chcore_v7m.o
                                                  build/obj/serial_lld.o
                                                  build/obj/pwm_lld.o
                                                  build/obj/adc_lld.o
                                                  build/obj/stm32_dma.o
_port_switch                                      build/obj/chcore_v7m.o
                                                  build/obj/chschd.o
_port_switch_from_isr                             build/obj/chcore_v7m.o
_port_thread_start                                build/obj/chcore_v7m.o
                                                  build/obj/chthreads.o
_scheduler_init                                   build/obj/chschd.o
                                                  build/obj/chsys.o
_stm32_dma_streams                                build/obj/stm32_dma.o
                                                  build/obj/spi_lld.o
                                                  build/obj/adc_lld.o
_test_assert                                      build/obj/test.o
                                                  build/obj/testqueues.o
                                                  build/obj/testdyn.o
                                                  build/obj/testpools.o
                                                  build/obj/testheap.o
                                                  build/obj/testevt.o
                                                  build/obj/testmbox.o
                                                  build/obj/testmtx.o
                                                  build/obj/testsem.o
                                                  build/obj/testthd.o
_test_assert_sequence                             build/obj/test.o
                                                  build/obj/testqueues.o
                                                  build/obj/testdyn.o
                                                  build/obj/testevt.o
                                                  build/obj/testmbox.o
                                                  build/obj/testmsg.o
                                                  build/obj/testmtx.o
                                                  build/obj/testsem.o
                                                  build/obj/testthd.o
_test_assert_time_window                          build/obj/test.o
                                                  build/obj/testevt.o
                                                  build/obj/testmtx.o
                                                  build/obj/testsem.o
                                                  build/obj/testthd.o
_test_fail                                        build/obj/test.o
_textdata                                         build/obj/crt0.o
_thread_init                                      build/obj/chthreads.o
                                                  build/obj/chsys.o
_unhandled_exception                              build/obj/vectors.o
_vectors                                          build/obj/vectors.o
_vt_init                                          build/obj/chvt.o
                                                  build/obj/chsys.o
adcAcquireBus                                     build/obj/adc.o
adcConvert                                        build/obj/adc.o
adcInit                                           build/obj/adc.o
                                                  build/obj/hal.o
adcObjectInit                                     build/obj/adc.o
                                                  build/obj/adc_lld.o
adcReleaseBus                                     build/obj/adc.o
adcSTM32DisableTSVREFE                            build/obj/adc_lld.o
adcSTM32DisableVBATE                              build/obj/adc_lld.o
adcSTM32EnableTSVREFE                             build/obj/adc_lld.o
adcSTM32EnableVBATE                               build/obj/adc_lld.o
adcStart                                          build/obj/adc.o
adcStartConversion                                build/obj/adc.o
adcStartConversionI                               build/obj/adc.o
adcStop                                           build/obj/adc.o
adcStopConversion                                 build/obj/adc.o
adcStopConversionI                                build/obj/adc.o
adc_lld_init                                      build/obj/adc_lld.o
                                                  build/obj/adc.o
adc_lld_start                                     build/obj/adc_lld.o
                                                  build/obj/adc.o
adc_lld_start_conversion                          build/obj/adc_lld.o
                                                  build/obj/adc.o
adc_lld_stop                                      build/obj/adc_lld.o
                                                  build/obj/adc.o
adc_lld_stop_conversion                           build/obj/adc_lld.o
                                                  build/obj/adc.o
boardInit                                         build/obj/board.o
                                                  build/obj/hal.o
chCondBroadcast                                   build/obj/chcond.o
                                                  build/obj/testmtx.o
chCondBroadcastI                                  build/obj/chcond.o
chCondInit                                        build/obj/chcond.o
                                                  build/obj/testmtx.o
chCondSignal                                      build/obj/chcond.o
                                                  build/obj/testmtx.o
chCondSignalI                                     build/obj/chcond.o
                                                  build/obj/testmtx.o
chCondWait                                        build/obj/chcond.o
                                                  build/obj/testmtx.o
chCondWaitS                                       build/obj/chcond.o
chCondWaitTimeout                                 build/obj/chcond.o
                                                  build/obj/testmtx.o
chCondWaitTimeoutS                                build/obj/chcond.o
chCoreAlloc                                       build/obj/chmemcore.o
                                                  build/obj/chheap.o
chCoreAllocI                                      build/obj/chmemcore.o
chCoreStatus                                      build/obj/chmemcore.o
                                                  build/obj/testheap.o
chEvtAddEvents                                    build/obj/chevents.o
                                                  build/obj/testevt.o
chEvtBroadcastFlags                               build/obj/chevents.o
                                                  build/obj/testevt.o
chEvtBroadcastFlagsI                              build/obj/chevents.o
                                                  build/obj/serial_lld.o
                                                  build/obj/serial.o
chEvtDispatch                                     build/obj/chevents.o
                                                  build/obj/testevt.o
chEvtGetAndClearEvents                            build/obj/chevents.o
                                                  build/obj/testevt.o
chEvtGetAndClearFlags                             build/obj/chevents.o
chEvtGetAndClearFlagsI                            build/obj/chevents.o
chEvtRegisterMask                                 build/obj/chevents.o
                                                  build/obj/testevt.o
chEvtSignal                                       build/obj/chevents.o
                                                  build/obj/testevt.o
chEvtSignalI                                      build/obj/chevents.o
chEvtUnregister                                   build/obj/chevents.o
                                                  build/obj/testevt.o
chEvtWaitAll                                      build/obj/chevents.o
                                                  build/obj/testevt.o
chEvtWaitAllTimeout                               build/obj/chevents.o
                                                  build/obj/testevt.o
chEvtWaitAny                                      build/obj/chevents.o
                                                  build/obj/testevt.o
chEvtWaitAnyTimeout                               build/obj/chevents.o
                                                  build/obj/testevt.o
chEvtWaitOne                                      build/obj/chevents.o
                                                  build/obj/testevt.o
chEvtWaitOneTimeout                               build/obj/chevents.o
                                                  build/obj/testevt.o
chHeapAlloc                                       build/obj/chheap.o
                                                  build/obj/testdyn.o
                                                  build/obj/testheap.o
                                                  build/obj/chdynamic.o
chHeapFree                                        build/obj/chheap.o
                                                  build/obj/testdyn.o
                                                  build/obj/testheap.o
                                                  build/obj/chdynamic.o
chHeapInit                                        build/obj/chheap.o
                                                  build/obj/testdyn.o
                                                  build/obj/testheap.o
chHeapStatus                                      build/obj/chheap.o
                                                  build/obj/testdyn.o
                                                  build/obj/testheap.o
chIQGetTimeout                                    build/obj/chqueues.o
                                                  build/obj/serial.o
                                                  build/obj/testbmk.o
                                                  build/obj/testqueues.o
chIQInit                                          build/obj/chqueues.o
                                                  build/obj/serial.o
                                                  build/obj/testbmk.o
                                                  build/obj/testqueues.o
chIQPutI                                          build/obj/chqueues.o
                                                  build/obj/serial.o
                                                  build/obj/testbmk.o
                                                  build/obj/testqueues.o
chIQReadTimeout                                   build/obj/chqueues.o
                                                  build/obj/serial.o
                                                  build/obj/testqueues.o
chIQResetI                                        build/obj/chqueues.o
                                                  build/obj/serial.o
                                                  build/obj/testqueues.o
chMBFetch                                         build/obj/chmboxes.o
                                                  build/obj/testmbox.o
chMBFetchI                                        build/obj/chmboxes.o
                                                  build/obj/testmbox.o
chMBFetchS                                        build/obj/chmboxes.o
chMBInit                                          build/obj/chmboxes.o
                                                  build/obj/testmbox.o
chMBPost                                          build/obj/chmboxes.o
                                                  build/obj/testmbox.o
chMBPostAhead                                     build/obj/chmboxes.o
                                                  build/obj/testmbox.o
chMBPostAheadI                                    build/obj/chmboxes.o
                                                  build/obj/testmbox.o
chMBPostAheadS                                    build/obj/chmboxes.o
chMBPostI                                         build/obj/chmboxes.o
                                                  build/obj/testmbox.o
chMBPostS                                         build/obj/chmboxes.o
chMBReset                                         build/obj/chmboxes.o
                                                  build/obj/testmbox.o
chMsgRelease                                      build/obj/chmsg.o
                                                  build/obj/testbmk.o
                                                  build/obj/testmsg.o
chMsgSend                                         build/obj/chmsg.o
                                                  build/obj/testbmk.o
                                                  build/obj/testmsg.o
chMsgWait                                         build/obj/chmsg.o
                                                  build/obj/testbmk.o
                                                  build/obj/testmsg.o
chMtxInit                                         build/obj/chmtx.o
                                                  build/obj/spi.o
                                                  build/obj/adc.o
                                                  build/obj/testbmk.o
                                                  build/obj/testmtx.o
                                                  build/obj/chheap.o
chMtxLock                                         build/obj/chmtx.o
                                                  build/obj/spi.o
                                                  build/obj/adc.o
                                                  build/obj/testbmk.o
                                                  build/obj/testmtx.o
                                                  build/obj/chheap.o
chMtxLockS                                        build/obj/chmtx.o
                                                  build/obj/chcond.o
chMtxTryLock                                      build/obj/chmtx.o
                                                  build/obj/testmtx.o
chMtxTryLockS                                     build/obj/chmtx.o
chMtxUnlock                                       build/obj/chmtx.o
                                                  build/obj/spi.o
                                                  build/obj/adc.o
                                                  build/obj/testbmk.o
                                                  build/obj/testmtx.o
                                                  build/obj/chheap.o
chMtxUnlockAll                                    build/obj/chmtx.o
                                                  build/obj/testmtx.o
chMtxUnlockS                                      build/obj/chmtx.o
                                                  build/obj/testmtx.o
                                                  build/obj/chcond.o
chOQGetI                                          build/obj/chqueues.o
                                                  build/obj/serial_lld.o
                                                  build/obj/serial.o
                                                  build/obj/testqueues.o
chOQInit                                          build/obj/chqueues.o
                                                  build/obj/serial.o
                                                  build/obj/testqueues.o
chOQPutTimeout                                    build/obj/chqueues.o
                                                  build/obj/serial.o
                                                  build/obj/testqueues.o
chOQResetI                                        build/obj/chqueues.o
                                                  build/obj/serial.o
                                                  build/obj/testqueues.o
chOQWriteTimeout                                  build/obj/chqueues.o
                                                  build/obj/serial.o
                                                  build/obj/testqueues.o
chPoolAlloc                                       build/obj/chmempools.o
                                                  build/obj/testdyn.o
                                                  build/obj/testpools.o
                                                  build/obj/chdynamic.o
chPoolAllocI                                      build/obj/chmempools.o
chPoolFree                                        build/obj/chmempools.o
                                                  build/obj/testdyn.o
                                                  build/obj/testpools.o
                                                  build/obj/chdynamic.o
chPoolFreeI                                       build/obj/chmempools.o
chPoolInit                                        build/obj/chmempools.o
                                                  build/obj/testdyn.o
                                                  build/obj/testpools.o
chPoolLoadArray                                   build/obj/chmempools.o
                                                  build/obj/testpools.o
chRegFirstThread                                  build/obj/chregistry.o
                                                  build/obj/testdyn.o
chRegNextThread                                   build/obj/chregistry.o
                                                  build/obj/testdyn.o
chSchDoReschedule                                 build/obj/chschd.o
                                                  build/obj/chcore_v7m.o
chSchDoRescheduleAhead                            build/obj/chschd.o
chSchDoRescheduleBehind                           build/obj/chschd.o
                                                  build/obj/chthreads.o
chSchGoSleepS                                     build/obj/chschd.o
                                                  build/obj/spi.o
                                                  build/obj/adc.o
                                                  build/obj/testbmk.o
                                                  build/obj/chmsg.o
                                                  build/obj/chevents.o
                                                  build/obj/chcond.o
                                                  build/obj/chmtx.o
                                                  build/obj/chsem.o
                                                  build/obj/chthreads.o
chSchGoSleepTimeoutS                              build/obj/chschd.o
                                                  build/obj/chqueues.o
                                                  build/obj/chevents.o
                                                  build/obj/chcond.o
                                                  build/obj/chsem.o
                                                  build/obj/chthreads.o
chSchReadyI                                       build/obj/chschd.o
                                                  build/obj/spi_lld.o
                                                  build/obj/adc_lld.o
                                                  build/obj/adc.o
                                                  build/obj/chqueues.o
                                                  build/obj/chmsg.o
                                                  build/obj/chevents.o
                                                  build/obj/chcond.o
                                                  build/obj/chmtx.o
                                                  build/obj/chsem.o
                                                  build/obj/chthreads.o
chSchRescheduleS                                  build/obj/chschd.o
                                                  build/obj/serial.o
                                                  build/obj/testmtx.o
                                                  build/obj/testsem.o
                                                  build/obj/chmboxes.o
                                                  build/obj/chevents.o
                                                  build/obj/chcond.o
                                                  build/obj/chmtx.o
                                                  build/obj/chsem.o
                                                  build/obj/chthreads.o
chSchWakeupS                                      build/obj/chschd.o
                                                  build/obj/adc.o
                                                  build/obj/testbmk.o
                                                  build/obj/chmsg.o
                                                  build/obj/chcond.o
                                                  build/obj/chmtx.o
                                                  build/obj/chsem.o
                                                  build/obj/chdynamic.o
                                                  build/obj/chthreads.o
chSemAddCounterI                                  build/obj/chsem.o
                                                  build/obj/testsem.o
chSemInit                                         build/obj/chsem.o
                                                  build/obj/testbmk.o
                                                  build/obj/testsem.o
                                                  build/obj/chmboxes.o
chSemReset                                        build/obj/chsem.o
                                                  build/obj/testbmk.o
                                                  build/obj/testsem.o
chSemResetI                                       build/obj/chsem.o
                                                  build/obj/chmboxes.o
chSemSignal                                       build/obj/chsem.o
                                                  build/obj/testbmk.o
                                                  build/obj/testsem.o
chSemSignalI                                      build/obj/chsem.o
                                                  build/obj/testsem.o
                                                  build/obj/chmboxes.o
chSemSignalWait                                   build/obj/chsem.o
                                                  build/obj/testsem.o
chSemWait                                         build/obj/chsem.o
                                                  build/obj/testbmk.o
                                                  build/obj/testsem.o
chSemWaitS                                        build/obj/chsem.o
chSemWaitTimeout                                  build/obj/chsem.o
                                                  build/obj/testsem.o
chSemWaitTimeoutS                                 build/obj/chsem.o
                                                  build/obj/chmboxes.o
chSysInit                                         build/obj/chsys.o
                                                  build/obj/main.o
chSysTimerHandlerI                                build/obj/chsys.o
                                                  build/obj/chcore_v7m.o
chThdAddRef                                       build/obj/chdynamic.o
                                                  build/obj/testdyn.o
chThdCreateFromHeap                               build/obj/chdynamic.o
                                                  build/obj/testdyn.o
chThdCreateFromMemoryPool                         build/obj/chdynamic.o
                                                  build/obj/testdyn.o
chThdCreateI                                      build/obj/chthreads.o
                                                  build/obj/testthd.o
                                                  build/obj/chdynamic.o
chThdCreateStatic                                 build/obj/chthreads.o
                                                  build/obj/testbmk.o
                                                  build/obj/testqueues.o
                                                  build/obj/testevt.o
                                                  build/obj/testmsg.o
                                                  build/obj/testmtx.o
                                                  build/obj/testsem.o
                                                  build/obj/testthd.o
                                                  build/obj/chsys.o
chThdExit                                         build/obj/chthreads.o
                                                  build/obj/chcore_v7m.o
chThdExitS                                        build/obj/chthreads.o
chThdRelease                                      build/obj/chdynamic.o
                                                  build/obj/testdyn.o
                                                  build/obj/chregistry.o
                                                  build/obj/chthreads.o
chThdResume                                       build/obj/chthreads.o
                                                  build/obj/testthd.o
chThdSetPriority                                  build/obj/chthreads.o
                                                  build/obj/testthd.o
chThdSleep                                        build/obj/chthreads.o
                                                  build/obj/main.o
                                                  build/obj/testbmk.o
                                                  build/obj/testdyn.o
                                                  build/obj/testevt.o
                                                  build/obj/testmtx.o
                                                  build/obj/testsem.o
                                                  build/obj/testthd.o
                                                  build/obj/test.o
chThdSleepUntil                                   build/obj/chthreads.o
                                                  build/obj/testthd.o
chThdTerminate                                    build/obj/chthreads.o
                                                  build/obj/test.o
chThdWait                                         build/obj/chthreads.o
                                                  build/obj/testbmk.o
                                                  build/obj/test.o
chThdYield                                        build/obj/chthreads.o
                                                  build/obj/testbmk.o
chVTResetI                                        build/obj/chvt.o
                                                  build/obj/testbmk.o
                                                  build/obj/chschd.o
chVTSetI                                          build/obj/chvt.o
                                                  build/obj/testbmk.o
                                                  build/obj/test.o
                                                  build/obj/chschd.o
ch_debug                                          build/obj/chregistry.o
                                                  build/obj/chsys.o
chsnprintf                                        build/obj/chprintf.o
chvprintf                                         build/obj/chprintf.o
dmaInit                                           build/obj/stm32_dma.o
                                                  build/obj/hal_lld.o
dmaStreamAllocate                                 build/obj/stm32_dma.o
                                                  build/obj/spi_lld.o
                                                  build/obj/adc_lld.o
dmaStreamRelease                                  build/obj/stm32_dma.o
                                                  build/obj/spi_lld.o
                                                  build/obj/adc_lld.o
halInit                                           build/obj/hal.o
                                                  build/obj/main.o
halIsCounterWithin                                build/obj/hal.o
halPolledDelay                                    build/obj/hal.o
hal_lld_init                                      build/obj/hal_lld.o
                                                  build/obj/hal.o
lis302dlReadRegister                              build/obj/lis302dl.o
lis302dlWriteRegister                             build/obj/lis302dl.o
main                                              build/obj/main.o
                                                  build/obj/crt0.o
msObjectInit                                      build/obj/chprintf.o
nvicDisableVector                                 build/obj/nvic.o
                                                  build/obj/serial_lld.o
                                                  build/obj/pwm_lld.o
                                                  build/obj/stm32_dma.o
nvicEnableVector                                  build/obj/nvic.o
                                                  build/obj/serial_lld.o
                                                  build/obj/pwm_lld.o
                                                  build/obj/adc_lld.o
                                                  build/obj/stm32_dma.o
nvicSetSystemHandlerPriority                      build/obj/nvic.o
                                                  build/obj/chcore_v7m.o
palReadBus                                        build/obj/pal.o
palSetBusMode                                     build/obj/pal.o
palWriteBus                                       build/obj/pal.o
pal_default_config                                build/obj/board.o
                                                  build/obj/hal.o
patternbmk                                        build/obj/testbmk.o
                                                  build/obj/test.o
patterndyn                                        build/obj/testdyn.o
                                                  build/obj/test.o
patternevt                                        build/obj/testevt.o
                                                  build/obj/test.o
patternheap                                       build/obj/testheap.o
                                                  build/obj/test.o
patternmbox                                       build/obj/testmbox.o
                                                  build/obj/test.o
patternmsg                                        build/obj/testmsg.o
                                                  build/obj/test.o
patternmtx                                        build/obj/testmtx.o
                                                  build/obj/test.o
patternpools                                      build/obj/testpools.o
                                                  build/obj/test.o
patternqueues                                     build/obj/testqueues.o
                                                  build/obj/test.o
patternsem                                        build/obj/testsem.o
                                                  build/obj/test.o
patternthd                                        build/obj/testthd.o
                                                  build/obj/test.o
port_halt                                         build/obj/chcore.o
                                                  build/obj/spi_lld.o
pwmChangePeriod                                   build/obj/pwm.o
pwmDisableChannel                                 build/obj/pwm.o
pwmEnableChannel                                  build/obj/pwm.o
pwmInit                                           build/obj/pwm.o
                                                  build/obj/hal.o
pwmObjectInit                                     build/obj/pwm.o
                                                  build/obj/pwm_lld.o
pwmStart                                          build/obj/pwm.o
pwmStop                                           build/obj/pwm.o
pwm_lld_disable_channel                           build/obj/pwm_lld.o
                                                  build/obj/pwm.o
pwm_lld_enable_channel                            build/obj/pwm_lld.o
                                                  build/obj/pwm.o
pwm_lld_init                                      build/obj/pwm_lld.o
                                                  build/obj/pwm.o
pwm_lld_start                                     build/obj/pwm_lld.o
                                                  build/obj/pwm.o
pwm_lld_stop                                      build/obj/pwm_lld.o
                                                  build/obj/pwm.o
rlist                                             build/obj/chschd.o
                                                  build/obj/spi.o
                                                  build/obj/adc.o
                                                  build/obj/testbmk.o
                                                  build/obj/testqueues.o
                                                  build/obj/testdyn.o
                                                  build/obj/testevt.o
                                                  build/obj/testmsg.o
                                                  build/obj/testmtx.o
                                                  build/obj/testsem.o
                                                  build/obj/testthd.o
                                                  build/obj/test.o
                                                  build/obj/chqueues.o
                                                  build/obj/chmsg.o
                                                  build/obj/chevents.o
                                                  build/obj/chcond.o
                                                  build/obj/chmtx.o
                                                  build/obj/chsem.o
                                                  build/obj/chregistry.o
                                                  build/obj/chthreads.o
                                                  build/obj/chsys.o
                                                  build/obj/chcore_v7m.o
sdIncomingDataI                                   build/obj/serial.o
                                                  build/obj/serial_lld.o
sdInit                                            build/obj/serial.o
                                                  build/obj/hal.o
sdObjectInit                                      build/obj/serial.o
                                                  build/obj/serial_lld.o
sdRequestDataI                                    build/obj/serial.o
sdStart                                           build/obj/serial.o
sdStop                                            build/obj/serial.o
sd_lld_init                                       build/obj/serial_lld.o
                                                  build/obj/serial.o
sd_lld_start                                      build/obj/serial_lld.o
                                                  build/obj/serial.o
sd_lld_stop                                       build/obj/serial_lld.o
                                                  build/obj/serial.o
spiAcquireBus                                     build/obj/spi.o
spiExchange                                       build/obj/spi.o
                                                  build/obj/lis302dl.o
spiIgnore                                         build/obj/spi.o
spiInit                                           build/obj/spi.o
                                                  build/obj/hal.o
spiObjectInit                                     build/obj/spi.o
                                                  build/obj/spi_lld.o
spiReceive                                        build/obj/spi.o
spiReleaseBus                                     build/obj/spi.o
spiSelect                                         build/obj/spi.o
                                                  build/obj/lis302dl.o
spiSend                                           build/obj/spi.o
                                                  build/obj/lis302dl.o
spiStart                                          build/obj/spi.o
spiStartExchange                                  build/obj/spi.o
spiStartIgnore                                    build/obj/spi.o
spiStartReceive                                   build/obj/spi.o
spiStartSend                                      build/obj/spi.o
spiStop                                           build/obj/spi.o
spiUnselect                                       build/obj/spi.o
                                                  build/obj/lis302dl.o
spi_lld_exchange                                  build/obj/spi_lld.o
                                                  build/obj/spi.o
spi_lld_ignore                                    build/obj/spi_lld.o
                                                  build/obj/spi.o
spi_lld_init                                      build/obj/spi_lld.o
                                                  build/obj/spi.o
spi_lld_polled_exchange                           build/obj/spi_lld.o
spi_lld_receive                                   build/obj/spi_lld.o
                                                  build/obj/spi.o
spi_lld_select                                    build/obj/spi_lld.o
                                                  build/obj/spi.o
spi_lld_send                                      build/obj/spi_lld.o
                                                  build/obj/spi.o
spi_lld_start                                     build/obj/spi_lld.o
                                                  build/obj/spi.o
spi_lld_stop                                      build/obj/spi_lld.o
                                                  build/obj/spi.o
spi_lld_unselect                                  build/obj/spi_lld.o
                                                  build/obj/spi.o
stm32_clock_init                                  build/obj/hal_lld.o
                                                  build/obj/board.o
test                                              build/obj/test.o
                                                  build/obj/testqueues.o
                                                  build/obj/testdyn.o
                                                  build/obj/testheap.o
                                                  build/obj/testmbox.o
test_cpu_pulse                                    build/obj/test.o
                                                  build/obj/testmtx.o
test_emit_token                                   build/obj/test.o
                                                  build/obj/testqueues.o
                                                  build/obj/testdyn.o